Test file



=========================

>>> add_integer = __import__('0-add_integer').add_integer
>>> add_integer(1, 0)
1
>>> add_integer(1, None)
Traceback (most recent call last):
	 . . .
TypeError: b must be an integer
>>> add_integer("hi", None)
Traceback (most recent call last):
	. . .
TypeError: a must be an integer
>>> add_integer(-4, 5)
1
>>> add_integer(4, 5)
9
>>> add_integer()
Traceback (most recent call last):
	. . .
TypeError: add_integer() missing 1 required positional argument: 'a'

>>> add_integer(3.14, 2.71)
5
>>> add_integer(1e100, 1e100)
Traceback (most recent call last):
	. . .
OverflowError: cannot convert float infinity to integer
>>> add_integer(2)
100
